map $request_uri $new_uri_301 {
    # NOTE: These redirects will affect AWS environments, including production.
    # For local testing edit services/nginx/redirect_301.map instead

     # entries of form:
     #/old-url /new-url;

    ~*^\/5yr(\/|$).* https://semspub.epa.gov/src/search;
    ~*^\/about(\/|$).* /aboutepa;
    ~*^\/adi(\/|$).* https://cfpub.epa.gov/adi;
    ~*^\/aieo(\/|$).* /tribal;
    ~*^\/air(\/|$).* /environmental-topics/air-topics;
    ~*^\/aircompare(\/|$).* https://www3.epa.gov/aircompare/$1;
    ~*^\/airdata(\/|$).* /outdoor-air-quality-data;
    ~*^\/airexplorer(\/|$).* /outdoor-air-quality-data;
    ~*^\/airmarket(\/|$).* /airmarkets/$1;
    ~*^\/airnow(\/|$).* https://www.airnow.gov/;
    ~*^\/airquality(\/|$).* https://www3.epa.gov/airquality/$1;
    ~*^\/airtoxics(\/|$).* https://www3.epa.gov/airtoxics/$1;
    ~*^\/airtransport(\/|$).* /interstate-air-pollution-transport/interstate-air-pollution-transport;
    ~*^\/airtrends(\/|$).* /air-trends;
    ~*^\/ampd(\/|$).* https://ampd.epa.gov/ampd;
    ~*^\/approved-sips(\/|$).* /air-quality-implementation-plans;
    ~*^\/apti(\/|$).* https://www.apti-learn.net/LMS/EPAHomePage.aspx;
    ~*^\/aqi(\/|$).* https://www.airnow.gov/;
    ~*^\/arweb(\/|$).* https://semspub.epa.gov;
    ~*^\/beachkids(\/|$).* /beaches;
    ~*^\/boarddec(\/|$).* https://yosemite.epa.gov/oa/EAB_Web_Docket.nsf;
    ~*^\/boilercompliance(\/|$).* /stationary-sources-air-pollution/compliance-industrial-commercial-and-institutional-area-source;
    ~*^\/cancerguidelines(\/|$).* /risk/guidelines-carcinogen-risk-assessment;
    ~*^\/carbon-footprint-calculator(\/|$).* https://www3.epa.gov/carbon-footprint-calculator/$1;
    ~*^\/carlabel(\/|$).* /fuel-economy;
    ~*^\/cdr(\/|$).* /chemical-data-reporting;
    ~*^\/ceampubl\/learn2model(\/|$).* https://www3.epa.gov/ceampubl/learn2model/$1;
    ~*^\/ceppo(\/|$).* /oil-spills-prevention-and-preparedness-regulations;
    ~*^\/cgi-bin\/airnow.cgi https://www3.epa.gov/cgi-bin/airnow.cgi$1;
    ~*^\/cgi-bin\/mail.cgi https://www3.epa.gov/cgi-bin/mail.cgi$1;
    ~*^\/cgi-bin\/schoolflagwidgetcurrent.cgi https://www3.epa.gov/cgi-bin/schoolflagwidgetcurrent.cgi$1;
    ~*^\/cgi-bin\/schoolflagwidgetcurrentforecast.cgi https://www3.epa.gov/cgi-bin/schoolflagwidgetcurrentforecast.cgi$1;
    ~*^\/cgi-bin\/schoolflagwidgettomorrowforecast.cgi https://www3.epa.gov/cgi-bin/schoolflagwidgettomorrowforecast.cgi$1;
    ~*^\/cgi-bin\/widget.cgi https://www3.epa.gov/cgi-bin/widget.cgi$1;
    ~*^\/chemfact(\/|$).* /assessing-and-managing-chemicals-under-tsca;
    ~*^\/chemview(\/|$).* https://chemview.epa.gov/chemview;
    ~*^\/chesapeakebaytmdl(\/|$).* /chesapeake-bay-tmdl;
    ~*^\/chinese\/simple(\/|$).* /lep/traditional-chinese;
    ~*^\/chinese(\/|$).* /lep/traditional-chinese;
    ~*^\/cimc(\/|$).* /cleanups/cleanups-my-community;
    ~*^\/citizenscience(\/|$).* /citizen-science;
    ~*^\/civilrights(\/|$).* /ocr;
    ~*^\/cleanairactbenefits(\/|$).* /clean-air-act-overview;
    ~*^\/cleanenergy(\/|$).* /energy;
    ~*^\/cleanpowerplan(\/|$).* /stationary-sources-air-pollution;
    ~*^\/cleanpowerplantoolbox(\/|$).* /stationary-sources-air-pollution;
    ~*^\/cleanup(\/|$).* /cleanups;
    ~*^\/cleanup(\/|$).* /cleanups/$1;
    ~*^\/cleanwaterrule(\/|$).* /nwpr;
    ~*^\/climatechange(\/|$).* /climate-change;
    ~*^\/climate-impacts(\/|$).* /sites/production/files/signpost/cc.html;
    ~*^\/collisionrepair(\/|$).* /collision-repair-campaign;
    ~*^\/composting(\/|$).* /sustainable-management-food;
    ~*^\/comptox\/tox21(\/|$).* /chemical-research/toxicology-testing-21st-century-tox21;
    ~*^\/cookstov(\/|$).* /indoor-air-quality-iaq;
    ~*^\/cpp(\/|$).* /stationary-sources-air-pollution/$1;
    ~*^\/cupps(\/|$).* /dwreginfo/information-about-public-water-systems;
    ~*^\/datastandards(\/|$).* /data-standards;
    ~*^\/dced(\/|$).* /smartgrowth/$1;
    ~*^\/ders(\/|$).* https://ofmpub.epa.gov/sor_internet/registry/datareg/home/overview/home.do;
    ~*^\/desastresnaturales(\/|$).* https://espanol.epa.gov;
    ~*^\/dfe(\/|$).* /saferchoice;
    ~*^\/dfesaferchoice(\/|$).* /saferchoice;
    ~*^\/diesel(\/|$).* /dera;
    ~*^\/dieselretrofits(\/|$).* /dera;
    ~*^\/dis(\/|$).* https://iaspub.epa.gov/otaqpub/;
    ~*^\/eab(\/|$).* https://yosemite.epa.gov/oa/EAB_Web_Docket.nsf;
    ~*^\/echo(\/|$).* https://echo.epa.gov/;
    ~*^\/economics(\/|$).* /environmental-economics;
    ~*^\/edg(\/|$).* https://edg.epa.gov/metadata/catalog/main/home.page;
    ~*^\/edm(\/|$).* /hesc/estuary-data-mapper;
    ~*^\/eims(\/|$).* https://cfpub.epa.gov/si/;
    ~*^\/emergenc(\/|$).* /natural-disasters;
    ~*^\/EmergenciasNaturales(\/|$).* https://espanol.epa.gov/;
    ~*^\/emergencies(\/|$).* /emergency-response;
    ~*^\/endo(\/|$).* /endocrine-disruption/$1;
    ~*^\/endocrine-disuptors(\/|$).* /endocrine-disruption/$1;
    ~*^\/energy-independence(\/|$).* /stationary-sources-air-pollution;
    ~*^\/enviro\/html\/fii(\/|$).* /frs;
    ~*^\/epafiles(\/|$)(.*) https://www3.epa.gov/epafiles/$1;
    ~*^\/epafiles\/(.*) https://www3.epa.gov/epafiles/$1;
    ~*^\/epeat(\/|$).* /greenerproducts;
    ~*^\/epp(\/|$).* /greenerproducts;
    ~*^\/erasc(\/|$).* https://cfpub.epa.gov/ncea/erasc/recordisplay.cfm?deid=154348;
    ~*^\/espp(\/|$).* /endangered-species;
    ~*^\/federalgreenchallenge(\/|$).* /fgc/$1;
    ~*^\/fedrgstr(\/|$).* https://www.govinfo.gov/app/collection/FR/;
    ~*^\/fem(\/|$).* /measurements-modeling;
    ~*^\/finance(\/|$).* /aboutepa/about-office-chief-financial-officer-ocfo;
    ~*^\/fishadvice(\/|$).* /choose-fish-and-shellfish-wisely;
    ~*^\/foodrecovery(\/|$).* /sustainable-management-food;
    ~*^\/foodscraps(\/|$).* /sustainable-management-food;
    ~*^\/fumigantstatenotice(\/|$).* /soil-fumigants/complying-required-state-and-tribal-notification-soil-fumigations;
    ~*^\/fumiganttraining(\/|$).* /soil-fumigants/soil-fumigant-training-certified-applicators;
    ~*^\/gasstar(\/|$).* /natural-gas-star-program;
    ~*^\/gateway\/learn(\/|$).* /learn-issues;
    ~*^\/gateway\/science(\/|$).* /science-and-technology;
    ~*^\/glnpo(\/|$).* /greatlakes;
    ~*^\/globalchange(\/|$).* /climate-change;
    ~*^\/globalmethane(\/|$).* /gmi;
    ~*^\/globalwarming(\/|$).* /climate-change;
    ~*^\/glossary(\/|$).* https://iaspub.epa.gov/sor_internet/registry/termreg/searchandretrieve/termsandacronyms/search.do;
    ~*^\/gmpo(\/|$).* /gulfofmexico;
    ~*^\/greeninfrastructure(\/|$).* /green-infrastructure;
    ~*^\/greenproducts(\/|$).* /greenerproducts/$1;
    ~*^\/grtlakes(\/|$).* /greatlakes;
    ~*^\/guide(\/|$).* /eg;
    ~*^\/healthexpfactors(\/|$).* https://cfpub.epa.gov/ncea/cfm/recordisplay.cfm?deid=20563;
    ~*^\/healthrisk(\/|$).* /aboutepa/about-human-health-risk-assessment-program;
    ~*^\/healthyheart(\/|$).* /air-research/healthy-heart-toolkit-and-research;
    ~*^\/heasd\/airsensortoolbox(\/|$).* /air-sensor-toolbox;
    ~*^\/hg(\/|$).* /mercury/$1;
    ~*^\/homelandsecurityportal(\/|$).* /homeland-security;
    ~*^\/hudson(\/|$).* /hudsonriverpcbs;
    ~*^\/hurricane(\/|$).* /natural-disasters/hurricanes;
    ~*^\/hurricanes(\/|$).* /natural-disasters/hurricanes;
    ~*^\/hydraulicfracture(\/|$).* /uog;
    ~*^\/iaplus01(\/|$).* /indoorairplus/$1;
    ~*^\/iaq(\/|$).* /indoor-air-quality-iaq;
    ~*^\/iaq\/schools(\/|$).* /iaq-schools;
    ~*^\/indian(\/|$).* /tribal/$1;
    ~*^\/indiantribal(\/|$).* /tribal;
    ~*^\/inter508(\/|$).* /accessibility;
    ~*^\/international(\/|$).* /international-cooperation;
    ~*^\/international\/exports(\/|$).* /international-cooperation/export-promotion-epa;
    ~*^\/jobs(\/|$).* /careers/$1;
    ~*^\/katrina(\/|$).* https://archive.epa.gov/katrina/web/html/;
    ~*^\/kids(\/|$).* /students;
    ~*^\/korean(\/|$).* /lep/korean;
    ~*^\/lakeerie(\/|$).* /greatlakes/lake-erie;
    ~*^\/lakemich(\/|$).* /greatlakes/lake-michigan;
    ~*^\/leaddesignations(\/|$).* /lead-designations;
    ~*^\/livability(\/|$).* /smartgrowth/$1;
    ~*^\/livablecommunities(\/|$).* /smartgrowth/$1;
    ~*^\/mercury\/spills(\/|$).* /mercury;
    ~*^\/myenvironment(\/|$).* https://enviro.epa.gov/;
    ~*^\/nanoscience(\/|$).* /chemical-research/research-nanomaterials;
    ~*^\/nata(\/|$).* /national-air-toxics-assessment;
    ~*^\/nata2005(\/|$).* /national-air-toxics-assessment/2005-national-air-toxics-assessment;
    ~*^\/naturaldisasters(\/|$).* /natural-disasters;
    ~*^\/naturalemergencies(\/|$).* /natural-disasters;
    ~*^\/nbh(\/|$).* /new-bedford-harbor;
    ~*^\/ncea/\bmds\/bnchmrk\/bmds\/BMDSVERSION2.txt /bmds;
    ~*^\/ncea\/global\/iclus(\/|$).* /gcx/about-iclus;
    ~*^\/ncea\/isa(\/|$).* /isa;
    ~*^\/ncee(\/|$).* /environmental-economics;
    ~*^\/ncepi(\/|$).* /nscep/$1;
    ~*^\/ncer\/p3(\/|$).* /p3;
    ~*^\/ncer\/sbir(\/|$).* /sbir;
    ~*^\/ncer(\/|$).* /research-grants;
    ~*^\/netdmr(\/|$).* https://netdmr.zendesk.com/home;
    ~*^\/newbedford(\/|$).* /new-bedford-harbor;
    ~*^\/nhsrc(\/|$).* /emergency-response-research;
    ~*^\/no2designations(\/|$).* /nitrogen-dioxide-designations;
    ~*^\/nonroad(\/|$).* /vehicles-and-engines;
    ~*^\/npdes\/pubs(\/|$).* https://www3.epa.gov/npdes/pubs/$1;
    ~*^\/npdrought(\/|$).* https://cfpub.epa.gov/ncer_abstracts/index.cfm/fuseaction/recipients.display/rfa_id/589/records_per_page/ALL;
    ~*^\/oalj(\/|$).* /alj;
    ~*^\/oam(\/|$).* /contracts;
    ~*^\/obd(\/|$).* /state-and-local-transportation;
    ~*^\/oem(\/|$).* /emergency-response;
    ~*^\/ogd(\/|$).* /grants;
    ~*^\/oia(\/|$).* /international-cooperation;
    ~*^\/oig(\/|$).* /office-inspector-general;
    ~*^\/oilspill(\/|$).* /oil-spills-prevention-and-preparedness-regulations;
    ~*^\/oita(\/|$).* /international-cooperation;
    ~*^\/onestop(\/|$).* /exchangenetwork/$1;
    ~*^\/oppt/(aegl|existingchemicals|exposure|greenengineering|import-export|newchems|pfoa|rsei|sf|spf)(\/|$).* /chemicals-under-tsca;
    ~*^\/oppts(\/|$).* /aboutepa/about-office-chemical-safety-and-pollution-prevention-ocspp;
    ~*^\/orcdizux\/(.*) https://www3.epa.gov/otaq/$1;
    ~*^\/ord(\/|$).* /research;
    ~*^\/osbp(\/|$).* /resources-small-businesses;
    ~*^\/osp(\/|$).* /aboutepa/about-office-science-policy-osp;
    ~*^\/ost(\/|$).* /environmental-topics/water-topics;
    ~*^\/osw(\/|$).* /environmental-topics/land-waste-and-cleanup-topics;
    ~*^\/otaq(\/|$).* /transportation-air-pollution-and-climate-change;
    ~*^\/oust(\/|$).* /ust;
    ~*^\/owm_keep(\/|$).* /owm/$1;
    ~*^\/owow_keep(\/|$).* /owow/$1;
    ~*^\/ozoneadvance(\/|$).* /advance;
    ~*^\/ozonepmadvance(\/|$).* /advance;
    ~*^\/particles(\/|$).* /pm-pollution;
    ~*^\/peerreview(\/|$).* /programs-office-science-advisor-osa/current-science-and-technology-policy-council-projects;
    ~*^\/PM(\/|$).* /pm-pollution;
    ~*^\/pmadvance(\/|$).* /advance;
    ~*^\/pmdesignations(\/|$).* /particle-pollution-designations;
    ~*^\/pollutantdischarge(\/|$).* https://echo.epa.gov/trends/loading-tool/water-pollution-search;
    ~*^\/pollutantdischarges(\/|$).* https://echo.epa.gov/trends/loading-tool/water-pollution-search;
    ~*^\/ppic(\/|$).* /p2;
    ~*^\/PR_Notices(\/|$).* /pesticide-registration/pesticide-registration-notices-year;
    ~*^\/products(\/|$).* /greenerproducts/$1;
    ~*^\/pugetsound(\/|$).* /puget-sound;
    ~*^\/rcrarep(\/|$).*  https://cfext.epa.gov/rcrarep;
    ~*^\/read(\/|$).* https://ofmpub.epa.gov/sor_internet/registry/systmreg/;
    ~*^\/recyclecity(\/|$).* https://www3.epa.gov/recyclecity/$1;
    ~*^\/recycling(\/|$).* /recycle/$1;
    ~*^\/region01\/ge(\/|$).* /ge-housatonic;
    ~*^\/region01(\/|$).* /aboutepa/epa-region-1-new-england;
    ~*^\/region02(\/|$).* /aboutepa/epa-region-2;
    ~*^\/region03(\/|$).* /aboutepa/epa-region-3-mid-atlantic;
    ~*^\/region04(\/|$).* /aboutepa/about-epa-region-4-southeast;
    ~*^\/region05(\/|$).* /aboutepa/epa-region-5;
    ~*^\/region06(\/|$).* /aboutepa/epa-region-6-south-central;
    ~*^\/region07(\/|$).* /aboutepa/epa-region-7-midwest;
    ~*^\/region08(\/|$).* /aboutepa/epa-region-8-mountains-and-plains;
    ~*^\/region09(\/|$).* /aboutepa/epa-region-9-pacific-southwest;
    ~*^\/region1\/airquality(\/|$).* https://www3.epa.gov/region1/airquality/$1;
    ~*^\/region1\/aqi(\/|$).* https://www3.epa.gov/region1/aqi/$1;
    ~*^\/region1\/brownfields(\/|$).* /brownfields;
    ~*^\/region1\/charles(\/|$).* /charlesriver;
    ~*^\/region1\/eco/acidrain(\/|$).* /acidrain;
    ~*^\/region1\/ge(\/|$).* /ge-housatonic;
    ~*^\/region1\/mysticriver(\/|$).* /mysticriver;
    ~*^\/region1\/npdes(\/|$).* /npdes-permits/npdes-water-permit-program-new-england;
    ~*^\/region1\/sso(\/|$).* https://www3.epa.gov/region1/sso/$1;
    ~*^\/region1(\/|$).* /aboutepa/epa-region-1-new-england;
    ~*^\/region10(\/|$).* /aboutepa/epa-region-10-pacific-northwest;
    ~*^\/region10\/pdf(\/|$).* https://www3.epa.gov/region10/pdf/$1;
    ~*^\/region10\/videos(\/|$).* https://www3.epa.gov/region10/videos/$1;
    ~*^\/region2(\/|$).* /aboutepa/epa-region-2;
    ~*^\/region3\/mtntop(\/|$).* /sc-mining;
    ~*^\/region3(\/|$).* /aboutepa/epa-region-3-mid-atlantic;
    ~*^\/region4(\/|$).* /aboutepa/about-epa-region-4-southeast;
    ~*^\/region5(\/|$).* /aboutepa/epa-region-5;
    ~*^\/region6(\/|$).* /aboutepa/epa-region-6-south-central;
    ~*^\/region7(\/|$).* /aboutepa/epa-region-7-midwest;
    ~*^\/region8(\/|$).* /aboutepa/epa-region-8-mountains-and-plains;
    ~*^\/region9\/superfund\/prg(\/|$).* /risk/risk-based-screening-table-generic-tables;
    ~*^\/region9\/tribal(\/|$).* /tribal/region-9-tribal-program;
    ~*^\/region9(\/|$).* /aboutepa/epa-region-9-pacific-southwest;
    ~*^\/regulations(\/|$).* /lawsregs/$1;
    ~*^\/renewableenergyland(\/|$).* /re-powering;
    ~*^\/research\/chemicalscience(\/|$).* /chemical-research;
    ~*^\/research\/ecoscience(\/|$).* /eco-research;
    ~*^\/retigo(\/|$).* /hesc/real-time-geospatial-data-viewer;
    ~*^\/rfa(\/|$).* /reg-flex;
    ~*^\/risk_assessment(\/|$).* /risk/$1;
    ~*^\/riskassessment(\/|$).* /risk/$1;
    ~*^\/riskassessmentforum(\/|$).* /osa/basic-information-about-risk-assessment-guidelines-development;
    ~*^\/rsig(\/|$).* /hesc/remote-sensing-information-gateway;
    ~*^\/rtp(\/|$).* /aboutepa/about-epas-campus-research-triangle-park-rtp-north-carolina;
    ~*^\/rtpspeakers(\/|$).* /rtp-speakers-bureau;
    ~*^\/sabstaff(\/|$).* https://yosemite.epa.gov/sab/sabproduct.nsf/Web/index?OpenDocument;
    ~*^\/safewater_keep(\/|$).* /ground-water-and-drinking-water;
    ~*^\/safewater\/kids(\/|$).* https://www3.epa.gov/safewater/kids/$1;
    ~*^\/sam(\/|$).* /esam/selected-analytical-methods-environmental-remediation-and-recovery-sam;
    ~*^\/sbrefa(\/|$).* /reg-flex;
    ~*^\/science(\/|$).* https://cfpub.epa.gov/si/;
    ~*^\/science1(\/|$).* https://yosemite.epa.gov/sab/sabpeople.nsf/WebCommittees/BOARD;
    ~*^\/scientificintegrity(\/|$).* /osa/basic-information-about-scientific-integrity;
    ~*^\/scram001(\/|$).* /scram;
    ~*^\/septicsmart(\/|$).* /septic;
    ~*^\/sfbaydelta(\/|$).* /sfbay-delta;
    ~*^\/sjv(\/|$).* /sanjoaquinvalley;
    ~*^\/smallbusiness(\/|$).* /resources-small-businesses;
    ~*^\/smartwaylogistics(\/|$).* /smartway/$1;
    ~*^\/smartwaymanufacturers(\/|$).* /smartway/$1;
    ~*^\/smartwayshipper(\/|$).* /smartway/$1;
    ~*^\/smartwayshipping(\/|$).* /smartway/$1;
    ~*^\/smartwaytransport(\/|$).* /smartway/$1;
    ~*^\/so2designations(\/|$).* /sulfur-dioxide-designations;
    ~*^\/solidwaste(\/|$).* /environmental-topics/land-waste-and-cleanup-topics;
    ~*^\/sor(\/|$).* https://ofmpub.epa.gov/sor_internet/registry/sysofreg/home/overview/home.do;
    ~*^\/spanish(\/|$).* https://espanol.epa.gov/;
    ~*^\/srs(\/|$).* https://ofmpub.epa.gov/sor_internet/registry/substreg/LandingPage.do;
    ~*^\/statelocalclimate(\/|$).* /statelocalenergy;
    ~*^\/stateply(\/|$).* /climateleadership/$1;
    ~*^\/storet(\/|$).* /waterdata/water-quality-data-wqx;
    ~*^\/sunwise(\/|$).* /sunsafety;
    ~*^\/surf3(\/|$).* /waterdata/surf-your-watershed;
    ~*^\/sustainablemanufacturing(\/|$).* https://archive.epa.gov/sustainablemanufacturing/web/html/;
    ~*^\/tio(\/|$).* /remedytech;
    ~*^\/tribalportal(\/|$).* /tribal/$1;
    ~*^\/ts(\/|$).* https://ofmpub.epa.gov/sor_internet/registry/termreg/searchandretrieve/termsandacronyms/search.do;
    ~*^\/ttn(\/|$).* /technical-air-pollution-resources;
    ~*^\/ttnmain1(\/|$).* /technical-air-pollution-resources;
    ~*^\/uv-net(\/|$).* /uvnet/$1;
    ~*^\/waste\/homeland(\/|$).* /homeland-security-waste;
    ~*^\/waste(\/|$).* /environmental-topics/land-waste-and-cleanup-topics;
    ~*^\/water(\/|$).* /environmental-topics/water-topics;
    ~*^\/waterscience_keep(\/|$).* /environmental-topics/water-topics;
    ~*^\/waterscience/(beaches|fish|fishadvice|standards|ftp/basins)(\/|$).* /environmental-topics/water-topics;
    ~*^\/waterscience\/fish(\/|$).* /fish-tech;
    ~*^\/waterscience\/ftp\/basins\/met_data(\/|$).* https://www3.epa.gov/ceampubl/basins/met_data/$1;
    ~*^\/watershedwebcasts(\/|$).* /watershedacademy;
    ~*^\/webice(\/|$).* https://www3.epa.gov/webice/$1;
    ~*^\/wetlandmitigation(\/|$).* /wetlands/$1;
    ~*^\/wetlandsmitigation(\/|$).* /wetlands/$1;
    ~*^\/wheat(\/|$).* /waterriskassessment/find-out-about-health-and-economic-impacts-water-utility-emergencies;
    ~*^\/widgets(\/|$).* https://developer.epa.gov/category/widgets/;
    ~*^\/wildfire(\/|$).* /natural-disasters/wildfires;
    ~*^\/wqshandbook(\/|$).* /wqs-tech/water-quality-standards-handbook;
    ~*^\/wqslibrary(\/|$).* /wqs-tech/reference-library-water-quality-standards-policy-and-guidance-documents;
    ~*^\/wqsrepository(\/|$).* /wqs-tech/state-specific-water-quality-standards-effective-under-clean-water-act-cwa;
    ~*^\/wtc(\/|$).* https://archive.epa.gov/wtc/web/html/;

}
